[pawly-html.wpthemeverse.com/landing.html]
[backblue.gif]
[fade.gif]
[index.html]
[pawly-html.wpthemeverse.com/images/favicon.png]
[pawly-html.wpthemeverse.com/css/bootstrap.min.css]
[pawly-html.wpthemeverse.com/css/slicknav.min.css]
[pawly-html.wpthemeverse.com/css/swiper-bundle.min.css]
[pawly-html.wpthemeverse.com/css/all.css]
[pawly-html.wpthemeverse.com/css/animate.css]
[pawly-html.wpthemeverse.com/css/magnific-popup.css]
[pawly-html.wpthemeverse.com/css/plyr.css]
[pawly-html.wpthemeverse.com/css/custom.css]
[pawly-html.wpthemeverse.com/index.html]
[pawly-html.wpthemeverse.com/images/pawly_logo_dark.png]
[pawly-html.wpthemeverse.com/images/megamenu_home1.png]
[pawly-html.wpthemeverse.com/home-page-2.html]
[pawly-html.wpthemeverse.com/images/megamenu_home2.png]
[pawly-html.wpthemeverse.com/home-page-3.html]
[pawly-html.wpthemeverse.com/images/megamenu_home3.png]
[pawly-html.wpthemeverse.com/home-page-4.html]
[pawly-html.wpthemeverse.com/images/megamenu_home4.png]
[pawly-html.wpthemeverse.com/home-page-5.html]
[pawly-html.wpthemeverse.com/images/megamenu_home5.png]
[pawly-html.wpthemeverse.com/images/coming_soon_menu.png]
[pawly-html.wpthemeverse.com/about-us.html]
[pawly-html.wpthemeverse.com/our-history.html]
[pawly-html.wpthemeverse.com/faq.html]
[pawly-html.wpthemeverse.com/contact.html]
[pawly-html.wpthemeverse.com/error.html]
[pawly-html.wpthemeverse.com/shop.html]
[pawly-html.wpthemeverse.com/shop-standard-list.html]
[pawly-html.wpthemeverse.com/shop-list-with-filter.html]
[pawly-html.wpthemeverse.com/shop-fullwidth-4-columns.html]
[pawly-html.wpthemeverse.com/shop-single.html]
[pawly-html.wpthemeverse.com/sticky-product.html]
[pawly-html.wpthemeverse.com/gallery-product.html]
[pawly-html.wpthemeverse.com/variable-product.html]
[pawly-html.wpthemeverse.com/cart.html]
[pawly-html.wpthemeverse.com/checkout.html]
[pawly-html.wpthemeverse.com/my-account.html]
[pawly-html.wpthemeverse.com/wishlist.html]
[pawly-html.wpthemeverse.com/blogs.html]
[pawly-html.wpthemeverse.com/blog-left-sidebar.html]
[pawly-html.wpthemeverse.com/images/offer_banner1.png]
[pawly-html.wpthemeverse.com/blog-right-sidebar.html]
[pawly-html.wpthemeverse.com/blog-no-sidebar.html]
[pawly-html.wpthemeverse.com/blog-single.html]
[pawly-html.wpthemeverse.com/blog-type-standard.html]
[pawly-html.wpthemeverse.com/blog-type-video.html]
[pawly-html.wpthemeverse.com/images/landing-banner1.png]
[pawly-html.wpthemeverse.com/images/landing-banner2.png]
[pawly-html.wpthemeverse.com/images/landing-graphic_img1.png]
[pawly-html.wpthemeverse.com/index-2.html]
[pawly-html.wpthemeverse.com/images/landin_big_img1.png]
[pawly-html.wpthemeverse.com/images/home_page1.png]
[pawly-html.wpthemeverse.com/images/home_page2.png]
[pawly-html.wpthemeverse.com/images/home_page3.png]
[pawly-html.wpthemeverse.com/images/home_page4.png]
[pawly-html.wpthemeverse.com/images/home_page5.png]
[pawly-html.wpthemeverse.com/images/home_page-coming_soon.png]
[pawly-html.wpthemeverse.com/images/landing-slide-2.png]
[pawly-html.wpthemeverse.com/images/landing-slide-3.png]
[pawly-html.wpthemeverse.com/images/landing-slide-4.png]
[pawly-html.wpthemeverse.com/images/landing-slide-5.png]
[pawly-html.wpthemeverse.com/images/landing-graphic_img3.png]
[pawly-html.wpthemeverse.com/images/landing-graphic_img2.png]
[pawly-html.wpthemeverse.com/images/inner_page1.png]
[pawly-html.wpthemeverse.com/images/inner_page2.png]
[pawly-html.wpthemeverse.com/images/inner_page3.png]
[pawly-html.wpthemeverse.com/images/inner_page4.png]
[pawly-html.wpthemeverse.com/images/inner_page5.png]
[pawly-html.wpthemeverse.com/images/inner_page6.png]
[pawly-html.wpthemeverse.com/images/inner_page7.png]
[pawly-html.wpthemeverse.com/images/inner_page8.png]
[pawly-html.wpthemeverse.com/images/inner_page9.png]
[pawly-html.wpthemeverse.com/images/inner_page10.png]
[pawly-html.wpthemeverse.com/images/lets_rock_img1.png]
[pawly-html.wpthemeverse.com/images/lets_rock_img2.png]
[pawly-html.wpthemeverse.com/images/lets_rock_img3.png]
[pawly-html.wpthemeverse.com/images/lets_rock_img4.png]
[pawly-html.wpthemeverse.com/images/lets_rock_img5.png]
[pawly-html.wpthemeverse.com/images/landing-right-click.png]
[pawly-html.wpthemeverse.com/images/landing_click_img.png]
[pawly-html.wpthemeverse.com/js/jquery-3.7.1.min.js]
[pawly-html.wpthemeverse.com/images/landing_footer_img.png]
[pawly-html.wpthemeverse.com/js/bootstrap.min.js]
[pawly-html.wpthemeverse.com/js/validator.min.js]
[pawly-html.wpthemeverse.com/js/jquery.slicknav.js]
[pawly-html.wpthemeverse.com/js/swiper-bundle.min.js]
[pawly-html.wpthemeverse.com/js/jquery.waypoints.min.js]
[pawly-html.wpthemeverse.com/js/jquery.counterup.min.js]
[pawly-html.wpthemeverse.com/js/jquery.magnific-popup.min.js]
[pawly-html.wpthemeverse.com/js/SmoothScroll.js]
[pawly-html.wpthemeverse.com/js/parallaxie.js]
[pawly-html.wpthemeverse.com/js/gsap.min.js]
[pawly-html.wpthemeverse.com/js/SplitText.js]
[pawly-html.wpthemeverse.com/js/ScrollTrigger.min.js]
[pawly-html.wpthemeverse.com/js/jquery.mb.YTPlayer.min.js]
[pawly-html.wpthemeverse.com/js/plyr.js]
[pawly-html.wpthemeverse.com/js/wow.js]
[pawly-html.wpthemeverse.com/landing.html]
[pawly-html.wpthemeverse.com/css/bootstrap.min.css]
[pawly-html.wpthemeverse.com/css/slicknav.min.css]
[pawly-html.wpthemeverse.com/css/swiper-bundle.min.css]
[pawly-html.wpthemeverse.com/js/function.js]
[pawly-html.wpthemeverse.com/webfonts/fa-brands-400.woff2]
[pawly-html.wpthemeverse.com/webfonts/fa-brands-400.ttf]
[pawly-html.wpthemeverse.com/webfonts/fa-regular-400.woff2]
[pawly-html.wpthemeverse.com/webfonts/fa-regular-400.ttf]
[pawly-html.wpthemeverse.com/webfonts/fa-solid-900.woff2]
[pawly-html.wpthemeverse.com/webfonts/fa-solid-900.ttf]
[pawly-html.wpthemeverse.com/webfonts/fa-v4compatibility.woff2]
[pawly-html.wpthemeverse.com/webfonts/fa-v4compatibility.ttf]
[pawly-html.wpthemeverse.com/css/all.css]
[pawly-html.wpthemeverse.com/css/animate.css]
[pawly-html.wpthemeverse.com/css/magnific-popup.css]
[pawly-html.wpthemeverse.com/css/plyr.css]
[pawly-html.wpthemeverse.com/images/arrow-orange.svg]
[pawly-html.wpthemeverse.com/images/arrow-white.svg]
[pawly-html.wpthemeverse.com/images/hero-bg.jpg]
[pawly-html.wpthemeverse.com/images/hero_left_img.png]
[pawly-html.wpthemeverse.com/images/category_bg.png]
[pawly-html.wpthemeverse.com/images/elite_pet_bg.png]
[pawly-html.wpthemeverse.com/images/fing_everything_bg.png]
[pawly-html.wpthemeverse.com/images/pawly-video_img_bg.png]
[pawly-html.wpthemeverse.com/images/hm4-deals_gone_bg.png]
[pawly-html.wpthemeverse.com/images/hm4_gallery_bg.png]
[pawly-html.wpthemeverse.com/images/home3-mastering_img.png]
[pawly-html.wpthemeverse.com/images/hm5-slider-bg.jpg]
[pawly-html.wpthemeverse.com/images/were_here_to_help.png]
[pawly-html.wpthemeverse.com/images/product-share-icon.png]
[pawly-html.wpthemeverse.com/images/my_account_banner.png]
[pawly-html.wpthemeverse.com/images/quote-bg.png]
[pawly-html.wpthemeverse.com/images/blog-author-bg.png]
[pawly-html.wpthemeverse.com/images/hm3_testimonial_bg.png]
[pawly-html.wpthemeverse.com/images/landing-5.png]
[pawly-html.wpthemeverse.com/images/landing-25_new.png]
[pawly-html.wpthemeverse.com/images/landing_hero_bg-btm.png]
[pawly-html.wpthemeverse.com/images/crafting_website_bg1.png]
[pawly-html.wpthemeverse.com/css/custom.css]
[pawly-html.wpthemeverse.com/images/landing_footer_bg.png]
[pawly-html.wpthemeverse.com/images/ft-top-bg1.png]
[pawly-html.wpthemeverse.com/images/Header-call-icon.png]
[pawly-html.wpthemeverse.com/images/home-mail-icon.png]
[pawly-html.wpthemeverse.com/images/pawly_logo.png]
[pawly-html.wpthemeverse.com/images/product1.png]
[pawly-html.wpthemeverse.com/images/product2.png]
[pawly-html.wpthemeverse.com/images/home1_hero_img4.png]
[pawly-html.wpthemeverse.com/images/home1_hero_img5.png]
[pawly-html.wpthemeverse.com/images/home1_hero_img6.png]
[pawly-html.wpthemeverse.com/images/home1_hero_img7.png]
[pawly-html.wpthemeverse.com/images/home1_hero_img8.png]
[pawly-html.wpthemeverse.com/images/home1_hero_img9.png]
[pawly-html.wpthemeverse.com/images/right_mark.png]
[pawly-html.wpthemeverse.com/images/pet_owner_img.png]
[pawly-html.wpthemeverse.com/images/pet_owner_round.png]
[pawly-html.wpthemeverse.com/images/pet_owner_img1-1.png]
[pawly-html.wpthemeverse.com/images/product3.png]
[pawly-html.wpthemeverse.com/images/product4.png]
[pawly-html.wpthemeverse.com/images/product5.png]
[pawly-html.wpthemeverse.com/images/product6.png]
[pawly-html.wpthemeverse.com/images/product8.png]
[pawly-html.wpthemeverse.com/images/product7.png]
[pawly-html.wpthemeverse.com/images/product9.png]
[pawly-html.wpthemeverse.com/images/product10.png]
[pawly-html.wpthemeverse.com/images/product11.png]
[pawly-html.wpthemeverse.com/images/category-img-1.png]
[pawly-html.wpthemeverse.com/images/product12.png]
[pawly-html.wpthemeverse.com/images/category-img-2.png]
[pawly-html.wpthemeverse.com/images/category-img-3.png]
[pawly-html.wpthemeverse.com/images/category-img-4.png]
[pawly-html.wpthemeverse.com/images/category-img-5.png]
[pawly-html.wpthemeverse.com/images/hotspot-mini-cart-1.png]
[pawly-html.wpthemeverse.com/images/hotspot_img1.png]
[pawly-html.wpthemeverse.com/images/hotspot_img2.png]
[pawly-html.wpthemeverse.com/images/hotspot-mini-cart-2.png]
[pawly-html.wpthemeverse.com/images/hotspot_img3.png]
[pawly-html.wpthemeverse.com/images/hotspot-mini-cart-3.png]
[pawly-html.wpthemeverse.com/images/hotspot_img4.png]
[pawly-html.wpthemeverse.com/images/pet_sitting_img-1.png]
[pawly-html.wpthemeverse.com/images/hotspot-mini-cart-4.png]
[pawly-html.wpthemeverse.com/images/pet_sitting_img-4.png]
[pawly-html.wpthemeverse.com/images/pet_sitting_img-2.png]
[pawly-html.wpthemeverse.com/images/pet_sitting_img-3.png]
[pawly-html.wpthemeverse.com/images/gallery_img1.png]
[pawly-html.wpthemeverse.com/images/gallery_img2.png]
[pawly-html.wpthemeverse.com/images/gallery_img3.png]
[pawly-html.wpthemeverse.com/images/gallery_img4.png]
[pawly-html.wpthemeverse.com/images/gallery_img5.png]
[pawly-html.wpthemeverse.com/images/pawly-Mask-group-white.png]
[pawly-html.wpthemeverse.com/images/pawly-Mask-group-white-top.png]
[pawly-html.wpthemeverse.com/images/gallery_img6.png]
[pawly-html.wpthemeverse.com/images/gallery_img7.png]
[pawly-html.wpthemeverse.com/images/more_to_love_img1.png]
[pawly-html.wpthemeverse.com/images/more_to_love_img2.png]
[pawly-html.wpthemeverse.com/images/more_to_love_img3.png]
[pawly-html.wpthemeverse.com/images/fing_everything2.png]
[pawly-html.wpthemeverse.com/images/fing_everything1.png]
[pawly-html.wpthemeverse.com/images/fing_everything.png]
[pawly-html.wpthemeverse.com/images/blog1_detail.png]
[pawly-html.wpthemeverse.com/images/blog2_detail.png]
[pawly-html.wpthemeverse.com/images/blog3_list.png]
[pawly-html.wpthemeverse.com/images/blog4_list.png]
[pawly-html.wpthemeverse.com/images/blog5_detail.png]
[pawly-html.wpthemeverse.com/images/blog6_detail.png]
[pawly-html.wpthemeverse.com/images/blog7_detail.png]
[pawly-html.wpthemeverse.com/images/ft-gallery-1.png]
[pawly-html.wpthemeverse.com/images/blog8_detail.png]
[pawly-html.wpthemeverse.com/images/ft-gallery-2.png]
[pawly-html.wpthemeverse.com/images/ft-gallery-3.png]
[pawly-html.wpthemeverse.com/index.html]
[pawly-html.wpthemeverse.com/images/ft-gallery-4.png]
[pawly-html.wpthemeverse.com/images/sl-icon6.png]
[pawly-html.wpthemeverse.com/images/ft-gallery-5.png]
[pawly-html.wpthemeverse.com/images/sl-icon7.png]
[pawly-html.wpthemeverse.com/images/home2_hero_img1.png]
[pawly-html.wpthemeverse.com/images/hero_img3.png]
[pawly-html.wpthemeverse.com/images/cat_cat_bg.png]
[pawly-html.wpthemeverse.com/images/cat_fish_bg.png]
[pawly-html.wpthemeverse.com/images/cat_dog_bg.png]
[pawly-html.wpthemeverse.com/images/home2_hero_img2.png]
[pawly-html.wpthemeverse.com/images/cat_accessories_bg.png]
[pawly-html.wpthemeverse.com/images/cat_bird_bg.png]
[pawly-html.wpthemeverse.com/images/feature_product_img.png]
[pawly-html.wpthemeverse.com/images/hotspot_img1-2.png]
[pawly-html.wpthemeverse.com/images/hotspot_img2-2.png]
[pawly-html.wpthemeverse.com/images/hotspot_img3-2.png]
[pawly-html.wpthemeverse.com/images/hotspot_img4-2.png]
[pawly-html.wpthemeverse.com/images/pawly-play-circle.png]
[pawly-html.wpthemeverse.com/images/video_img_graphic.png]
[pawly-html.wpthemeverse.com/images/hotspot_img6-1.png]
[pawly-html.wpthemeverse.com/images/hotspot_img5-1.png]
[pawly-html.wpthemeverse.com/images/pawly-video_img-1.png]
[pawly-html.wpthemeverse.com/images/hm2-gallery-1.png]
[pawly-html.wpthemeverse.com/images/hm2-gallery-2.png]
[pawly-html.wpthemeverse.com/images/hm2-gallery-4.png]
[pawly-html.wpthemeverse.com/images/hm2-gallery-5.png]
[pawly-html.wpthemeverse.com/images/hm2-gallery-3.png]
[pawly-html.wpthemeverse.com/images/offer_banner_1.png]
[pawly-html.wpthemeverse.com/images/offer_banner_2.png]
[pawly-html.wpthemeverse.com/images/offer_banner_3.png]
[pawly-html.wpthemeverse.com/images/offer_banner_4.png]
[pawly-html.wpthemeverse.com/images/offer_banner_5.png]
[pawly-html.wpthemeverse.com/images/team1.png]
[pawly-html.wpthemeverse.com/images/team3.png]
[pawly-html.wpthemeverse.com/images/team2.png]
[pawly-html.wpthemeverse.com/images/team4.png]
[pawly-html.wpthemeverse.com/images/testimonial-left.png]
[pawly-html.wpthemeverse.com/images/profile1.png]
[pawly-html.wpthemeverse.com/images/profile3.png]
[pawly-html.wpthemeverse.com/images/profile2.png]
[pawly-html.wpthemeverse.com/images/partner_logo1_1.png]
[pawly-html.wpthemeverse.com/images/partner_logo1.png]
[pawly-html.wpthemeverse.com/images/partner_logo2_2.png]
[pawly-html.wpthemeverse.com/images/partner_logo2.png]
[pawly-html.wpthemeverse.com/images/partner_logo3_3.png]
[pawly-html.wpthemeverse.com/images/partner_logo3.png]
[pawly-html.wpthemeverse.com/images/partner_logo4_4.png]
[pawly-html.wpthemeverse.com/images/partner_logo4.png]
[pawly-html.wpthemeverse.com/images/partner_logo5_5.png]
[pawly-html.wpthemeverse.com/images/partner_logo5.png]
[pawly-html.wpthemeverse.com/images/partner_logo6_6.png]
[pawly-html.wpthemeverse.com/images/partner_logo6.png]
[pawly-html.wpthemeverse.com/images/partner_logo7_7.png]
[pawly-html.wpthemeverse.com/images/partner_logo7.png]
[pawly-html.wpthemeverse.com/images/partner_logo8_8.png]
[pawly-html.wpthemeverse.com/home-page-2.html]
[pawly-html.wpthemeverse.com/images/partner_logo8.png]
[pawly-html.wpthemeverse.com/images/hero3_dog_img1.png]
[pawly-html.wpthemeverse.com/images/hero3_dog_img2.png]
[pawly-html.wpthemeverse.com/images/hero3_dog_img3.png]
[pawly-html.wpthemeverse.com/images/hero3_dog_img4.png]
[pawly-html.wpthemeverse.com/images/Layer-1.png]
[pawly-html.wpthemeverse.com/images/hm3_hero2_img.png]
[pawly-html.wpthemeverse.com/images/hm3_hero2_cat1.png]
[pawly-html.wpthemeverse.com/images/hm3_hero2_cat2.png]
[pawly-html.wpthemeverse.com/images/hm3_hero2_cat3.png]
[pawly-html.wpthemeverse.com/images/hm3_hero2_cat4.png]
[pawly-html.wpthemeverse.com/images/Layer-2.png]
[pawly-html.wpthemeverse.com/images/hm3_hero3_img.png]
[pawly-html.wpthemeverse.com/images/hero3_bird1.png]
[pawly-html.wpthemeverse.com/images/hero3_bird2.png]
[pawly-html.wpthemeverse.com/images/hero3_bird3.png]
[pawly-html.wpthemeverse.com/images/hero3_bird4.png]
[pawly-html.wpthemeverse.com/images/Layer-3.png]
[pawly-html.wpthemeverse.com/images/hm3_hero4_img.png]
[pawly-html.wpthemeverse.com/images/hm3_offer_banner1.png]
[pawly-html.wpthemeverse.com/images/hm3_offer_banner3.png]
[pawly-html.wpthemeverse.com/images/hm3_offer_banner2.png]
[pawly-html.wpthemeverse.com/images/hm3-new_arrivals_img.png]
[pawly-html.wpthemeverse.com/images/product-item-7.png]
[pawly-html.wpthemeverse.com/images/product-item-8.png]
[pawly-html.wpthemeverse.com/images/product-item-9.png]
[pawly-html.wpthemeverse.com/images/product-item-10.png]
[pawly-html.wpthemeverse.com/images/product-item-11.png]
[pawly-html.wpthemeverse.com/images/elite_pet_2.png]
[pawly-html.wpthemeverse.com/images/product-item-12.png]
[pawly-html.wpthemeverse.com/images/elite_pet_img-1.png]
[pawly-html.wpthemeverse.com/images/product-item-1.png]
[pawly-html.wpthemeverse.com/images/product-item-2.png]
[pawly-html.wpthemeverse.com/images/hm3-featured_product_img.png]
[pawly-html.wpthemeverse.com/images/hm-3play_icon.png]
[pawly-html.wpthemeverse.com/images/product-item-6.png]
[pawly-html.wpthemeverse.com/images/hm-3video_img_1.png]
[pawly-html.wpthemeverse.com/images/hm-3video_img.png]
[pawly-html.wpthemeverse.com/images/hm3_gallery_img1.png]
[pawly-html.wpthemeverse.com/images/hm3_gallery_img2.png]
[pawly-html.wpthemeverse.com/images/hm3_gallery_img4.png]
[pawly-html.wpthemeverse.com/images/hm3_gallery_img5.png]
[pawly-html.wpthemeverse.com/images/hm3_gallery_img3.png]
[pawly-html.wpthemeverse.com/images/blog_list1.png]
[pawly-html.wpthemeverse.com/images/hm3_gallery_img7.png]
[pawly-html.wpthemeverse.com/images/hm3_gallery_img6.png]
[pawly-html.wpthemeverse.com/home-page-3.html]
[pawly-html.wpthemeverse.com/images/hm4hero_right_img.png]
[pawly-html.wpthemeverse.com/images/blog_list3.png]
[pawly-html.wpthemeverse.com/images/hm4hero_product_img.png]
[pawly-html.wpthemeverse.com/images/hm4hero_bowl_img1.png]
[pawly-html.wpthemeverse.com/images/hm4hero_buddy_img.png]
[pawly-html.wpthemeverse.com/images/blog_list2.png]
[pawly-html.wpthemeverse.com/images/hm4hero_graphic1.png]
[pawly-html.wpthemeverse.com/images/hm4-Vector.png]
[pawly-html.wpthemeverse.com/images/hm4-asfa2.png]
[pawly-html.wpthemeverse.com/images/hm4-category-bg.png]
[pawly-html.wpthemeverse.com/images/hm4-brand1.png]
[pawly-html.wpthemeverse.com/images/hm4-brand2.png]
[pawly-html.wpthemeverse.com/images/hm4-brand3.png]
[pawly-html.wpthemeverse.com/images/hm4-brand4.png]
[pawly-html.wpthemeverse.com/images/hm4featured_product_img-1.png]
[pawly-html.wpthemeverse.com/images/hm4-brand5.png]
[pawly-html.wpthemeverse.com/images/hm4-brand6.png]
[pawly-html.wpthemeverse.com/images/hm4deals_gone.png]
[pawly-html.wpthemeverse.com/images/hm4_gallery_img1.png]
[pawly-html.wpthemeverse.com/images/hm4_gallery_img3.png]
[pawly-html.wpthemeverse.com/images/hm4_gallery_img2.png]
[pawly-html.wpthemeverse.com/images/hm4_gallery_img5.png]
[pawly-html.wpthemeverse.com/images/hm4_gallery_img6.png]
[pawly-html.wpthemeverse.com/images/hm4_gallery_img7.png]
[pawly-html.wpthemeverse.com/images/hm4_gallery_img8.png]
[pawly-html.wpthemeverse.com/images/hm4_gallery_img4.png]
[pawly-html.wpthemeverse.com/images/hm4_gallery_img10.png]
[pawly-html.wpthemeverse.com/images/hm4_gallery_img11.png]
[pawly-html.wpthemeverse.com/images/hm4_gallery_img9.png]
[pawly-html.wpthemeverse.com/home-page-4.html]
[pawly-html.wpthemeverse.com/images/left-hm5_hero_image1.png]
[pawly-html.wpthemeverse.com/images/right-hm5_hero_image2.png]
[pawly-html.wpthemeverse.com/images/right-home5_hero_image4.png]
[pawly-html.wpthemeverse.com/images/hm4_gallery_img12.png]
[pawly-html.wpthemeverse.com/images/right-home5_hero_image6.png]
[pawly-html.wpthemeverse.com/images/hm5-a_pet_owner_img.png]
[pawly-html.wpthemeverse.com/images/hm5-pet_img.png]
[pawly-html.wpthemeverse.com/images/hm5-cat_food.png]
[pawly-html.wpthemeverse.com/images/hm5-left-icon.png]
[pawly-html.wpthemeverse.com/images/hm5-right-icon.png]
[pawly-html.wpthemeverse.com/images/hm5-organic.png]
[pawly-html.wpthemeverse.com/images/hm5-pet_img1.png]
[pawly-html.wpthemeverse.com/images/hm5-pet_img2.png]
[pawly-html.wpthemeverse.com/images/hm5-pet_img4.png]
[pawly-html.wpthemeverse.com/images/hm5-pet_img3.png]
[pawly-html.wpthemeverse.com/images/hm5-big-gallery-1.png]
[pawly-html.wpthemeverse.com/images/hm5-big-gallery-2.png]
[pawly-html.wpthemeverse.com/images/hm5-big-gallery-4.png]
[pawly-html.wpthemeverse.com/images/hm5-big-gallery-3.png]
[pawly-html.wpthemeverse.com/images/hm5-big-gallery-5.png]
[pawly-html.wpthemeverse.com/images/hm5-big-gallery-6.png]
[pawly-html.wpthemeverse.com/images/hm5-big-gallery-7.png]
[pawly-html.wpthemeverse.com/images/hm5-big-gallery-8.png]
[pawly-html.wpthemeverse.com/images/team5.png]
[pawly-html.wpthemeverse.com/images/hm5-big-gallery-10.png]
[pawly-html.wpthemeverse.com/images/hm5-big-gallery-9.png]
[pawly-html.wpthemeverse.com/images/team6.png]
[pawly-html.wpthemeverse.com/home-page-5.html]
[pawly-html.wpthemeverse.com/images/team7.png]
[pawly-html.wpthemeverse.com/images/team8.png]
[pawly-html.wpthemeverse.com/images/abt-top.png]
[pawly-html.wpthemeverse.com/images/abt_img2.png]
[pawly-html.wpthemeverse.com/images/abt_img1.png]
[pawly-html.wpthemeverse.com/images/abt-gromming.png]
[pawly-html.wpthemeverse.com/images/abt-pet_accessories.png]
[pawly-html.wpthemeverse.com/images/abt_img3.png]
[pawly-html.wpthemeverse.com/images/abt-training_camp.png]
[pawly-html.wpthemeverse.com/images/inner-page-banner_img.png]
[pawly-html.wpthemeverse.com/images/abt-we_are_graphic1.png]
[pawly-html.wpthemeverse.com/images/abt-we_are.png]
[pawly-html.wpthemeverse.com/images/abt-we_are_graphic2.png]
[pawly-html.wpthemeverse.com/images/abt-we_are_graphic3.png]
[pawly-html.wpthemeverse.com/images/abt-we_are_graphic4.png]
[pawly-html.wpthemeverse.com/images/abt-hygiene.png]
[pawly-html.wpthemeverse.com/images/abt-hygiene1.png]
[pawly-html.wpthemeverse.com/about-us.html]
[pawly-html.wpthemeverse.com/images/our-history_image1.png]
[pawly-html.wpthemeverse.com/images/our-history_image2.png]
[pawly-html.wpthemeverse.com/images/our-history_image4.png]
[pawly-html.wpthemeverse.com/images/our-hitory-hero_banner.png]
[pawly-html.wpthemeverse.com/images/faq.png]
[pawly-html.wpthemeverse.com/images/our-history_image5.png]
[pawly-html.wpthemeverse.com/images/our-history_image3.png]
[pawly-html.wpthemeverse.com/our-history.html]
[pawly-html.wpthemeverse.com/faq.html]
[pawly-html.wpthemeverse.com/contact.html]
[pawly-html.wpthemeverse.com/error.html]
[pawly-html.wpthemeverse.com/shop.html]
[pawly-html.wpthemeverse.com/images/our-history_image6.png]
[pawly-html.wpthemeverse.com/images/our-history_image8.png]
[pawly-html.wpthemeverse.com/images/our-history_image7.png]
[pawly-html.wpthemeverse.com/shop-standard-list.html]
[pawly-html.wpthemeverse.com/shop-list-with-filter.html]
[pawly-html.wpthemeverse.com/shop-fullwidth-4-columns.html]
[pawly-html.wpthemeverse.com/images/default_user.png]
[pawly-html.wpthemeverse.com/shop-single.html]
[pawly-html.wpthemeverse.com/images/sticky-product-1.png]
[pawly-html.wpthemeverse.com/images/product13.png]
[pawly-html.wpthemeverse.com/images/sticky-product-2.png]
[pawly-html.wpthemeverse.com/images/sticky-product-3.png]
[pawly-html.wpthemeverse.com/sticky-product.html]
[pawly-html.wpthemeverse.com/images/product_detail1.jpg]
[pawly-html.wpthemeverse.com/images/sticky-product-4.png]
[pawly-html.wpthemeverse.com/images/product_detail2.jpg]
[pawly-html.wpthemeverse.com/images/product_detail3.jpg]
[pawly-html.wpthemeverse.com/images/product_detail4.jpg]
[pawly-html.wpthemeverse.com/gallery-product.html]
[pawly-html.wpthemeverse.com/images/shop_hero_img.png]
[pawly-html.wpthemeverse.com/variable-product.html]
[pawly-html.wpthemeverse.com/cart.html]
[pawly-html.wpthemeverse.com/checkout.html]
[pawly-html.wpthemeverse.com/images/product14.png]
[pawly-html.wpthemeverse.com/orders.html]
[pawly-html.wpthemeverse.com/downloads.html]
[pawly-html.wpthemeverse.com/images/product15.png]
[pawly-html.wpthemeverse.com/edit-address.html]
[pawly-html.wpthemeverse.com/my-account.html]
[pawly-html.wpthemeverse.com/wishlist.html]
[pawly-html.wpthemeverse.com/edit-account.html]
[pawly-html.wpthemeverse.com/images/blog-list-2.png]
[pawly-html.wpthemeverse.com/images/blog-list-1.png]
[pawly-html.wpthemeverse.com/images/blog-list-3.png]
[pawly-html.wpthemeverse.com/images/blog-list-4.png]
[pawly-html.wpthemeverse.com/blogs.html]
[pawly-html.wpthemeverse.com/images/blog-list-6.png]
[pawly-html.wpthemeverse.com/blog-left-sidebar.html]
[pawly-html.wpthemeverse.com/blog-right-sidebar.html]
[pawly-html.wpthemeverse.com/blog-no-sidebar.html]
[pawly-html.wpthemeverse.com/images/blog-list-5.png]
[pawly-html.wpthemeverse.com/images/blog-list-7.png]
[pawly-html.wpthemeverse.com/images/blog-list-8.png]
[pawly-html.wpthemeverse.com/images/blog-single-2.png]
[pawly-html.wpthemeverse.com/images/blog-single-3.png]
[pawly-html.wpthemeverse.com/blog-single.html]
[pawly-html.wpthemeverse.com/images/blog-single-4.png]
[pawly-html.wpthemeverse.com/images/blog-single-6.png]
[pawly-html.wpthemeverse.com/blog-type-standard.html]
[pawly-html.wpthemeverse.com/images/blog-single-7.png]
[pawly-html.wpthemeverse.com/images/blog-single-9.png]
[pawly-html.wpthemeverse.com/images/blog-single-5.png]
[pawly-html.wpthemeverse.com/blog-type-video.html]
[pawly-html.wpthemeverse.com/index-2.html]
[pawly-html.wpthemeverse.com/images/arrow-orange.html]
[pawly-html.wpthemeverse.com/images/arrow-white.html]
[pawly-html.wpthemeverse.com/images/hero-bg.html]
[pawly-html.wpthemeverse.com/images/home3-mastering_img.html]
[pawly-html.wpthemeverse.com/images/product-share-icon.html]
[pawly-html.wpthemeverse.com/images/my_account_banner.html]
[pawly-html.wpthemeverse.com/images/quote-bg.html]
[pawly-html.wpthemeverse.com/images/blog-author-bg.html]
[pawly-html.wpthemeverse.com/images/landing-25_new.html]
[pawly-html.wpthemeverse.com/images/crafting_website_bg1.html]
[pawly-html.wpthemeverse.com/orders.html]
[pawly-html.wpthemeverse.com/downloads.html]
[pawly-html.wpthemeverse.com/edit-address.html]
[pawly-html.wpthemeverse.com/edit-account.html]
[pawly-html.wpthemeverse.com/images/blog-single-10.png]
[pawly-html.wpthemeverse.com/images/blog-single-8.png]
[pawly-html.wpthemeverse.com/images/blog-single-11.png]
